Archive member included because of file (symbol)

C:/Freescale/CW MCU v10.6/MCU/ARM_GCC_Support/ewl/lib/armv6-m\libc.a(exit.o)
                              ./Project_Settings/Startup_Code/__arm_start.o (exit)
C:/Freescale/CW MCU v10.6/MCU/ARM_GCC_Support/ewl/lib/armv6-m\libc.a(memset.o)
                              ./Project_Settings/Startup_Code/__arm_start.o (memset)
C:/Freescale/CW MCU v10.6/MCU/ARM_GCC_Support/ewl/lib/armv6-m\libc.a(printformat_.o)
                              (__pformatter_)
C:/Freescale/CW MCU v10.6/MCU/ARM_GCC_Support/ewl/lib/armv6-m\libc.a(scanformat_.o)
                              (__sformatter)
C:/Freescale/CW MCU v10.6/MCU/ARM_GCC_Support/ewl/lib/armv6-m\libc.a(ctype_aeabi.o)
                              C:/Freescale/CW MCU v10.6/MCU/ARM_GCC_Support/ewl/lib/armv6-m\libc.a(scanformat_.o) (isspace)
C:/Freescale/CW MCU v10.6/MCU/ARM_GCC_Support/ewl/lib/armv6-m\libc.a(__strtoul.o)
                              C:/Freescale/CW MCU v10.6/MCU/ARM_GCC_Support/ewl/lib/armv6-m\libc.a(scanformat_.o) (__strtoul)
C:/Freescale/CW MCU v10.6/MCU/ARM_GCC_Support/ewl/lib/armv6-m\libc.a(__filll_mem.o)
                              C:/Freescale/CW MCU v10.6/MCU/ARM_GCC_Support/ewl/lib/armv6-m\libc.a(memset.o) (__fill_mem)
C:/Freescale/CW MCU v10.6/MCU/ARM_GCC_Support/ewl/lib/armv6-m\libc.a(memchr.o)
                              C:/Freescale/CW MCU v10.6/MCU/ARM_GCC_Support/ewl/lib/armv6-m\libc.a(printformat_.o) (memchr)
C:/Freescale/CW MCU v10.6/MCU/ARM_GCC_Support/ewl/lib/armv6-m\libc.a(memcpy.o)
                              C:/Freescale/CW MCU v10.6/MCU/ARM_GCC_Support/ewl/lib/armv6-m\libc.a(scanformat_.o) (memcpy)
C:/Freescale/CW MCU v10.6/MCU/ARM_GCC_Support/ewl/lib/armv6-m\libc.a(strchr.o)
                              C:/Freescale/CW MCU v10.6/MCU/ARM_GCC_Support/ewl/lib/armv6-m\libc.a(printformat_.o) (strchr)
C:/Freescale/CW MCU v10.6/MCU/ARM_GCC_Support/ewl/lib/armv6-m\libc.a(strlen.o)
                              C:/Freescale/CW MCU v10.6/MCU/ARM_GCC_Support/ewl/lib/armv6-m\libc.a(printformat_.o) (strlen)
c:/freescale/cw mcu v10.6/cross_tools/arm-none-eabi-gcc-4_7_3/bin/../lib/gcc/arm-none-eabi/4.7.3/armv6-m\libgcc.a(_thumb1_case_sqi.o)
                              C:/Freescale/CW MCU v10.6/MCU/ARM_GCC_Support/ewl/lib/armv6-m\libc.a(__strtoul.o) (__gnu_thumb1_case_sqi)
c:/freescale/cw mcu v10.6/cross_tools/arm-none-eabi-gcc-4_7_3/bin/../lib/gcc/arm-none-eabi/4.7.3/armv6-m\libgcc.a(_thumb1_case_uqi.o)
                              C:/Freescale/CW MCU v10.6/MCU/ARM_GCC_Support/ewl/lib/armv6-m\libc.a(scanformat_.o) (__gnu_thumb1_case_uqi)
c:/freescale/cw mcu v10.6/cross_tools/arm-none-eabi-gcc-4_7_3/bin/../lib/gcc/arm-none-eabi/4.7.3/armv6-m\libgcc.a(_udivsi3.o)
                              ./Sources/app/ServoMotor.o (__aeabi_uidiv)
c:/freescale/cw mcu v10.6/cross_tools/arm-none-eabi-gcc-4_7_3/bin/../lib/gcc/arm-none-eabi/4.7.3/armv6-m\libgcc.a(_divsi3.o)
                              ./Sources/app/LineScanCamera.o (__aeabi_idiv)
c:/freescale/cw mcu v10.6/cross_tools/arm-none-eabi-gcc-4_7_3/bin/../lib/gcc/arm-none-eabi/4.7.3/armv6-m\libgcc.a(_dvmd_tls.o)
                              c:/freescale/cw mcu v10.6/cross_tools/arm-none-eabi-gcc-4_7_3/bin/../lib/gcc/arm-none-eabi/4.7.3/armv6-m\libgcc.a(_udivsi3.o) (__aeabi_idiv0)
c:/freescale/cw mcu v10.6/cross_tools/arm-none-eabi-gcc-4_7_3/bin/../lib/gcc/arm-none-eabi/4.7.3/armv6-m\libgcc.a(_fixunssfsi.o)
                              ./Sources/app/DCMotors.o (__aeabi_f2uiz)
c:/freescale/cw mcu v10.6/cross_tools/arm-none-eabi-gcc-4_7_3/bin/../lib/gcc/arm-none-eabi/4.7.3/armv6-m\libgcc.a(_fixunsdfsi.o)
                              ./Sources/mcl/ARM_SysTick.o (__aeabi_d2uiz)
c:/freescale/cw mcu v10.6/cross_tools/arm-none-eabi-gcc-4_7_3/bin/../lib/gcc/arm-none-eabi/4.7.3/armv6-m\libgcc.a(mulsf3.o)
                              ./Sources/app/DCMotors.o (__aeabi_fmul)
c:/freescale/cw mcu v10.6/cross_tools/arm-none-eabi-gcc-4_7_3/bin/../lib/gcc/arm-none-eabi/4.7.3/armv6-m\libgcc.a(subsf3.o)
                              c:/freescale/cw mcu v10.6/cross_tools/arm-none-eabi-gcc-4_7_3/bin/../lib/gcc/arm-none-eabi/4.7.3/armv6-m\libgcc.a(_fixunssfsi.o) (__aeabi_fsub)
c:/freescale/cw mcu v10.6/cross_tools/arm-none-eabi-gcc-4_7_3/bin/../lib/gcc/arm-none-eabi/4.7.3/armv6-m\libgcc.a(fixsfsi.o)
                              c:/freescale/cw mcu v10.6/cross_tools/arm-none-eabi-gcc-4_7_3/bin/../lib/gcc/arm-none-eabi/4.7.3/armv6-m\libgcc.a(_fixunssfsi.o) (__aeabi_f2iz)
c:/freescale/cw mcu v10.6/cross_tools/arm-none-eabi-gcc-4_7_3/bin/../lib/gcc/arm-none-eabi/4.7.3/armv6-m\libgcc.a(floatsisf.o)
                              ./Sources/app/DCMotors.o (__aeabi_i2f)
c:/freescale/cw mcu v10.6/cross_tools/arm-none-eabi-gcc-4_7_3/bin/../lib/gcc/arm-none-eabi/4.7.3/armv6-m\libgcc.a(divdf3.o)
                              ./Sources/mcl/ARM_SysTick.o (__aeabi_ddiv)
[...]
Memory Configuration

Name             Origin             Length             Attributes
m_interrupts     0x00000000         0x000000c0         xr
m_cfmprotrom     0x00000400         0x00000010         xr
m_text           0x00000800         0x0001f800         xr
m_data           0x1ffff000         0x00004000         xrw
*default*        0x00000000         0xffffffff

Linker script and memory map

LOAD ./Project_Settings/Startup_Code/kinetis_sysinit.o
LOAD ./Project_Settings/Startup_Code/__arm_start.o
LOAD ./Project_Settings/Startup_Code/__arm_end.o
LOAD ./Sources/app/ServoMotor.o
LOAD ./Sources/app/PushButtons.o
LOAD ./Sources/app/LineScanCamera.o
LOAD ./Sources/app/DCMotors.o
LOAD ./Sources/gsc_scheduler/gsc_sch_core/gsc_sch_core_tick_isr.o
LOAD ./Sources/gsc_scheduler/gsc_sch_core/gsc_sch_core_cfg.o
LOAD ./Sources/gsc_scheduler/gsc_sch_core/gsc_sch_core.o
LOAD ./Sources/gsc_scheduler/periodic_tasks/periodic_tasks_init.o
LOAD ./Sources/gsc_scheduler/periodic_tasks/periodic_tasks_exec.o
LOAD ./Sources/mcl/interrupts.o
LOAD ./Sources/mcl/TPM.o
LOAD ./Sources/mcl/GPIO.o
LOAD ./Sources/mcl/CrystalClock.o
LOAD ./Sources/mcl/ARM_SysTick.o
LOAD ./Sources/mcl/ADC.o
LOAD ./Sources/sa_mtb.o
LOAD ./Sources/main.o
                0x000041a4                __pformatter = __pformatter_
                [0x000045cc]                __sformatter = __sformatter
START GROUP
LOAD C:/Freescale/CW MCU v10.6/MCU/ARM_GCC_Support/ewl/lib/armv6-m\libc.a
LOAD C:/Freescale/CW MCU v10.6/MCU/ARM_GCC_Support/ewl/lib/armv6-m\libm.a
LOAD c:/freescale/cw mcu v10.6/cross_tools/arm-none-eabi-gcc-4_7_3/bin/../lib/gcc/arm-none-eabi/4.7.3/armv6-m\libgcc.a
LOAD C:/Freescale/CW MCU v10.6/MCU/ARM_GCC_Support/ewl/lib/armv6-m\librt.a
LOAD C:/Freescale/CW MCU v10.6/MCU/ARM_GCC_Support/ewl/lib/armv6-m\libuart.a
END GROUP
                0x20003000                _estack = 0x20003000
                0x20003000                __SP_INIT = _estack
                0x00000400                __heap_size = 0x400
                0x00000400                __stack_size = 0x400

.interrupts     0x00000000       0xc0
                0x00000000                __vector_table = .
                0x00000000                . = ALIGN (0x4)
 *(.vectortable)
 .vectortable   0x00000000       0xc0 ./Project_Settings/Startup_Code/kinetis_sysinit.o
                0x00000000                InterruptVector
                0x000000c0                . = ALIGN (0x4)

.cfmprotect     0x00000400        0x0
                0x00000400                . = ALIGN (0x4)
 *(.cfmconfig)
                0x00000400                . = ALIGN (0x4)

.text           0x00000800     0x4ac0
                0x00000800                . = ALIGN (0x4)
 *(.text)
 .text          0x00000800       0x14 c:/freescale/cw mcu v10.6/cross_tools/arm-none-eabi-gcc-4_7_3/bin/../lib/gcc/arm-none-eabi/4.7.3/armv6-m\libgcc.a(_thumb1_case_sqi.o)
                0x00000800                __gnu_thumb1_case_sqi
 .text          0x00000814       0x14 c:/freescale/cw mcu v10.6/cross_tools/arm-none-eabi-gcc-4_7_3/bin/../lib/gcc/arm-none-eabi/4.7.3/armv6-m\libgcc.a(_thumb1_case_uqi.o)
                0x00000814                __gnu_thumb1_case_uqi
 .text          0x00000828       0x9c c:/freescale/cw mcu v10.6/cross_tools/arm-none-eabi-gcc-4_7_3/bin/../lib/gcc/arm-none-eabi/4.7.3/armv6-m\libgcc.a(_udivsi3.o)
                0x00000828                __aeabi_uidiv
                0x00000828                __udivsi3
                0x000008b0                __aeabi_uidivmod
 .text          0x000008c4       0xc0 c:/freescale/cw mcu v10.6/cross_tools/arm-none-eabi-gcc-4_7_3/bin/../lib/gcc/arm-none-eabi/4.7.3/armv6-m\libgcc.a(_divsi3.o)
                0x000008c4                __divsi3
                0x000008c4                __aeabi_idiv
                0x00000970                __aeabi_idivmod
 .text          0x00000984        0x4 c:/freescale/cw mcu v10.6/cross_tools/arm-none-eabi-gcc-4_7_3/bin/../lib/gcc/arm-none-eabi/4.7.3/armv6-m\libgcc.a(_dvmd_tls.o)
                0x00000984                __aeabi_idiv0
                0x00000984                __aeabi_ldiv0
 .text          0x00000988       0x30 c:/freescale/cw mcu v10.6/cross_tools/arm-none-eabi-gcc-4_7_3/bin/../lib/gcc/arm-none-eabi/4.7.3/armv6-m\libgcc.a(_fixunssfsi.o)
                0x00000988                __fixunssfsi
                0x00000988                __aeabi_f2uiz
 .text          0x000009b8       0x40 c:/freescale/cw mcu v10.6/cross_tools/arm-none-eabi-gcc-4_7_3/bin/../lib/gcc/arm-none-eabi/4.7.3/armv6-m\libgcc.a(_fixunsdfsi.o)
                0x000009b8                __aeabi_d2uiz
                0x000009b8                __fixunsdfsi
 .text          0x000009f8      0x260 c:/freescale/cw mcu v10.6/cross_tools/arm-none-eabi-gcc-4_7_3/bin/../lib/gcc/arm-none-eabi/4.7.3/armv6-m\libgcc.a(mulsf3.o)
                0x000009f8                __aeabi_fmul
 .text          0x00000c58      0x3ac c:/freescale/cw mcu v10.6/cross_tools/arm-none-eabi-gcc-4_7_3/bin/../lib/gcc/arm-none-eabi/4.7.3/armv6-m\libgcc.a(subsf3.o)
                0x00000c58                __aeabi_fsub
 .text          0x00001004       0x40 c:/freescale/cw mcu v10.6/cross_tools/arm-none-eabi-gcc-4_7_3/bin/../lib/gcc/arm-none-eabi/4.7.3/armv6-m\libgcc.a(fixsfsi.o)
                0x00001004                __aeabi_f2iz
 .text          0x00001044       0xa8 c:/freescale/cw mcu v10.6/cross_tools/arm-none-eabi-gcc-4_7_3/bin/../lib/gcc/arm-none-eabi/4.7.3/armv6-m\libgcc.a(floatsisf.o)
                0x00001044                __aeabi_i2f
 .text          0x000010ec      0x5b8 c:/freescale/cw mcu v10.6/cross_tools/arm-none-eabi-gcc-4_7_3/bin/../lib/gcc/arm-none-eabi/4.7.3/armv6-m\libgcc.a(divdf3.o)
                0x000010ec                __aeabi_ddiv
 .text          0x000016a4      0x4e4 c:/freescale/cw mcu v10.6/cross_tools/arm-none-eabi-gcc-4_7_3/bin/../lib/gcc/arm-none-eabi/4.7.3/armv6-m\libgcc.a(muldf3.o)
                0x000016a4                __aeabi_dmul
 .text          0x00001b88      0x6f8 c:/freescale/cw mcu v10.6/cross_tools/arm-none-eabi-gcc-4_7_3/bin/../lib/gcc/arm-none-eabi/4.7.3/armv6-m\libgcc.a(subdf3.o)
                0x00001b88                __aeabi_dsub
 .text          0x00002280       0x68 c:/freescale/cw mcu v10.6/cross_tools/arm-none-eabi-gcc-4_7_3/bin/../lib/gcc/arm-none-eabi/4.7.3/armv6-m\libgcc.a(fixdfsi.o)
                0x00002280                __aeabi_d2iz
 .text          0x000022e8       0x64 c:/freescale/cw mcu v10.6/cross_tools/arm-none-eabi-gcc-4_7_3/bin/../lib/gcc/arm-none-eabi/4.7.3/armv6-m\libgcc.a(floatunsidf.o)
                0x000022e8                __aeabi_ui2d
 .text          0x0000234c       0x7c c:/freescale/cw mcu v10.6/cross_tools/arm-none-eabi-gcc-4_7_3/bin/../lib/gcc/arm-none-eabi/4.7.3/armv6-m\libgcc.a(_arm_cmpdf2.o)
                0x0000234c                __aeabi_cdrcmple
                0x0000235c                __aeabi_cdcmple
                0x0000235c                __aeabi_cdcmpeq
                0x0000236c                __aeabi_dcmpeq
                0x00002378                __aeabi_dcmplt
                0x0000238c                __aeabi_dcmple
                0x000023a0                __aeabi_dcmpgt
                0x000023b4                __aeabi_dcmpge
 .text          0x000023c8       0x74 c:/freescale/cw mcu v10.6/cross_tools/arm-none-eabi-gcc-4_7_3/bin/../lib/gcc/arm-none-eabi/4.7.3/armv6-m\libgcc.a(_arm_cmpsf2.o)
                0x000023c8                __aeabi_cfrcmple
                0x000023d0                __aeabi_cfcmpeq
                0x000023d0                __aeabi_cfcmple
                0x000023e0                __aeabi_fcmpeq
                0x000023ec                __aeabi_fcmplt
                0x00002400                __aeabi_fcmple
                0x00002414                __aeabi_fcmpgt
                0x00002428                __aeabi_fcmpge
 .text          0x0000243c       0x3c c:/freescale/cw mcu v10.6/cross_tools/arm-none-eabi-gcc-4_7_3/bin/../lib/gcc/arm-none-eabi/4.7.3/armv6-m\libgcc.a(_clzsi2.o)
                0x0000243c                __clzsi2
 .text          0x00002478       0x50 c:/freescale/cw mcu v10.6/cross_tools/arm-none-eabi-gcc-4_7_3/bin/../lib/gcc/arm-none-eabi/4.7.3/armv6-m\libgcc.a(eqsf2.o)
                0x00002478                __eqsf2
                0x00002478                __nesf2
 .text          0x000024c8       0x90 c:/freescale/cw mcu v10.6/cross_tools/arm-none-eabi-gcc-4_7_3/bin/../lib/gcc/arm-none-eabi/4.7.3/armv6-m\libgcc.a(gesf2.o)
                0x000024c8                __gesf2
                0x000024c8                __gtsf2
 .text          0x00002558       0x90 c:/freescale/cw mcu v10.6/cross_tools/arm-none-eabi-gcc-4_7_3/bin/../lib/gcc/arm-none-eabi/4.7.3/armv6-m\libgcc.a(lesf2.o)
                0x00002558                __ltsf2
                0x00002558                __lesf2
 .text          0x000025e8       0x7c c:/freescale/cw mcu v10.6/cross_tools/arm-none-eabi-gcc-4_7_3/bin/../lib/gcc/arm-none-eabi/4.7.3/armv6-m\libgcc.a(eqdf2.o)
                0x000025e8                __nedf2
                0x000025e8                __eqdf2
 .text          0x00002664       0xe8 c:/freescale/cw mcu v10.6/cross_tools/arm-none-eabi-gcc-4_7_3/bin/../lib/gcc/arm-none-eabi/4.7.3/armv6-m\libgcc.a(gedf2.o)
                0x00002664                __gedf2
                0x00002664                __gtdf2
 .text          0x0000274c       0xd8 c:/freescale/cw mcu v10.6/cross_tools/arm-none-eabi-gcc-4_7_3/bin/../lib/gcc/arm-none-eabi/4.7.3/armv6-m\libgcc.a(ledf2.o)
                0x0000274c                __ledf2
                0x0000274c                __ltdf2
 *(.text*)
 .text.Default_Handler
                0x00002824        0xc ./Project_Settings/Startup_Code/kinetis_sysinit.o
                0x00002824                RTC_Alarm_IRQHandler
                0x00002824                I2C0_IRQHandler
                0x00002824                HardFault_Handler
                0x00002824                PendSV_Handler
                0x00002824                NMI_Handler
                0x00002824                I2C1_IRQHandler
                0x00002824                UART1_IRQHandler
                0x00002824                DMA2_IRQHandler
                0x00002824                TSI0_IRQHandler
                0x00002824                UART0_IRQHandler
                0x00002824                ADC0_IRQHandler
                0x00002824                SPI1_IRQHandler
                0x00002824                PORTD_IRQHandler
                0x00002824                LPTimer_IRQHandler
                0x00002824                FTM1_IRQHandler
                0x00002824                RTC_Seconds_IRQHandler
                0x00002824                MCG_IRQHandler
                0x00002824                UART2_IRQHandler
                0x00002824                Default_Handler
                0x00002824                LLW_IRQHandler
                0x00002824                PIT_IRQHandler
                0x00002824                SVC_Handler
                0x00002824                USBOTG_IRQHandler
                0x00002824                DMA3_IRQHandler
                0x00002824                DMA0_IRQHandler
                0x00002824                DAC0_IRQHandler
                0x00002824                PMC_IRQHandler
                0x00002824                SPI0_IRQHandler
                0x00002824                FTM0_IRQHandler
                0x00002824                PORTA_IRQHandler
                0x00002824                MCM_IRQHandler
                0x00002824                FTFL_IRQHandler
                0x00002824                FTM2_IRQHandler
                0x00002824                CMP0_IRQHandler
                0x00002824                DMA1_IRQHandler
 .text.__init_hardware
                0x00002830       0x2c ./Project_Settings/Startup_Code/kinetis_sysinit.o
                0x00002830                __init_hardware
 .text.zero_fill_bss
                0x0000285c       0x24 ./Project_Settings/Startup_Code/__arm_start.o
 .text.__thumb_startup
                0x00002880       0x30 ./Project_Settings/Startup_Code/__arm_start.o
                0x00002880                __thumb_startup
 .text._ExitProcess
                0x000028b0        0xc ./Project_Settings/Startup_Code/__arm_end.o
                0x000028b0                _ExitProcess
 .text.vfn_SteeringServoController
                0x000028bc       0xa4 ./Sources/app/ServoMotor.o
                0x000028bc                vfn_SteeringServoController
 .text.vfn_SetPosition_SteeringServo
                0x00002960       0x40 ./Sources/app/ServoMotor.o
                0x00002960                vfn_SetPosition_SteeringServo
 .text.boolDcMotorStartCondition
                0x000029a0       0x60 ./Sources/app/PushButtons.o
                0x000029a0                boolDcMotorStartCondition
 .text.boolServoMotorRepose
                0x00002a00       0x60 ./Sources/app/PushButtons.o
                0x00002a00                boolServoMotorRepose
 .text.vfn_StateMachine_LSC_InSignals
                0x00002a60      0x150 ./Sources/app/LineScanCamera.o
                0x00002a60                vfn_StateMachine_LSC_InSignals
 .text.vfn_ReadAout_LineScanCamera
                0x00002bb0       0x24 ./Sources/app/LineScanCamera.o
                0x00002bb0                vfn_ReadAout_LineScanCamera
 .text.vfn_LineScanCameraProcessing
                0x00002bd4       0x94 ./Sources/app/LineScanCamera.o
                0x00002bd4                vfn_LineScanCameraProcessing
 .text.vfn_GetDerivateSingal_lscAout
                0x00002c68       0xb4 ./Sources/app/LineScanCamera.o
                0x00002c68                vfn_GetDerivateSingal_lscAout
 .text.vfn_GetLineLocationValue_DerivateSignal
                0x00002d1c      0x104 ./Sources/app/LineScanCamera.o
                0x00002d1c                vfn_GetLineLocationValue_DerivateSignal
 .text.map      0x00002e20       0x70 ./Sources/app/LineScanCamera.o
                0x00002e20                map
 .text.vfn_DCmotors_task
                0x00002e90       0x34 ./Sources/app/DCMotors.o
                0x00002e90                vfn_DCmotors_task
 .text.vfn_DipSwitchSetSpeedParameter
                0x00002ec4       0xb4 ./Sources/app/DCMotors.o
                0x00002ec4                vfn_DipSwitchSetSpeedParameter
 .text.vfn_ControlAppSpeedAlgorit_DCMotors
                0x00002f78      0x160 ./Sources/app/DCMotors.o
                0x00002f78                vfn_ControlAppSpeedAlgorit_DCMotors
 .text.vfn_DCMotorsSetPWM
                0x000030d8       0xa0 ./Sources/app/DCMotors.o
                0x000030d8                vfn_DCMotorsSetPWM
 .text.vfn_utilityFnToReadBattVol
                0x00003178        0xc ./Sources/app/DCMotors.o
                0x00003178                vfn_utilityFnToReadBattVol
 .text.gsc_sch_core_tick_isr
                0x00003184       0x14 ./Sources/gsc_scheduler/gsc_sch_core/gsc_sch_core_tick_isr.o
                0x00003184                gsc_sch_core_tick_isr
 .text.gsc_sch_core_Init
                0x00003198       0x60 ./Sources/gsc_scheduler/gsc_sch_core/gsc_sch_core.o
                0x00003198                gsc_sch_core_Init
 .text.gsc_sch_core_exec
                0x000031f8      0x118 ./Sources/gsc_scheduler/gsc_sch_core/gsc_sch_core.o
                0x000031f8                gsc_sch_core_exec
 .text.periodic_tasks_init_MclDrvs
                0x00003310       0x20 ./Sources/gsc_scheduler/periodic_tasks/periodic_tasks_init.o
                0x00003310                periodic_tasks_init_MclDrvs
 .text.periodic_tasks_init_SysDrvs
                0x00003330        0x8 ./Sources/gsc_scheduler/periodic_tasks/periodic_tasks_init.o
                0x00003330                periodic_tasks_init_SysDrvs
 .text.periodic_tasks_init_task_2tks
                0x00003338        0x8 ./Sources/gsc_scheduler/periodic_tasks/periodic_tasks_init.o
                0x00003338                periodic_tasks_init_task_2tks
 .text.periodic_tasks_init_task_524tks
                0x00003340        0x8 ./Sources/gsc_scheduler/periodic_tasks/periodic_tasks_init.o
                0x00003340                periodic_tasks_init_task_524tks
 .text.periodic_tasks_exec_2tks
                0x00003348        0xc ./Sources/gsc_scheduler/periodic_tasks/periodic_tasks_exec.o
                0x00003348                periodic_tasks_exec_2tks
 .text.periodic_tasks_exec_524tks
                0x00003354       0x14 ./Sources/gsc_scheduler/periodic_tasks/periodic_tasks_exec.o
                0x00003354                periodic_tasks_exec_524tks
 .text.vfn_Init_SteeringServo_PTB0
                0x00003368       0xa0 ./Sources/mcl/TPM.o
                0x00003368                vfn_Init_SteeringServo_PTB0
 .text.vfn_Init_DCmotors
                0x00003408       0xc8 ./Sources/mcl/TPM.o
                0x00003408                vfn_Init_DCmotors
 .text.vfn_init_userGPIO_LineScanCamera
                0x000034d0       0xb4 ./Sources/mcl/GPIO.o
                0x000034d0                vfn_init_userGPIO_LineScanCamera
 .text.vfn_init_userGPIO_shield_DCmotors
                0x00003584       0x30 ./Sources/mcl/GPIO.o
                0x00003584                vfn_init_userGPIO_shield_DCmotors
 .text.vfn_init_userGPIO_tfcshield
                0x000035b4       0xa0 ./Sources/mcl/GPIO.o
                0x000035b4                vfn_init_userGPIO_tfcshield
 .text.u16_DipSW_val
                0x00003654       0x2c ./Sources/mcl/GPIO.o
                0x00003654                u16_DipSW_val
 .text.u8_PushButtonA_state
                0x00003680       0x28 ./Sources/mcl/GPIO.o
                0x00003680                u8_PushButtonA_state
 .text.u8_PushButtonB_state
                0x000036a8       0x28 ./Sources/mcl/GPIO.o
                0x000036a8                u8_PushButtonB_state
 .text.vfn_LEDs_ctrl_BattLevel_LEDs
                0x000036d0      0x148 ./Sources/mcl/GPIO.o
                0x000036d0                vfn_LEDs_ctrl_BattLevel_LEDs
 .text.IO_ports_Set_PortB_pin
                0x00003818       0x30 ./Sources/mcl/GPIO.o
                0x00003818                IO_ports_Set_PortB_pin
 .text.IO_ports_Clear_PortB_pin
                0x00003848       0x30 ./Sources/mcl/GPIO.o
                0x00003848                IO_ports_Clear_PortB_pin
 .text.IO_ports_Toggle_PortB_pin
                0x00003878       0x30 ./Sources/mcl/GPIO.o
                0x00003878                IO_ports_Toggle_PortB_pin
 .text.InitClock
                0x000038a8       0x24 ./Sources/mcl/CrystalClock.o
                0x000038a8                InitClock
 .text.pll_init
                0x000038cc      0x548 ./Sources/mcl/CrystalClock.o
                0x000038cc                pll_init
 *fill*         0x00003e14        0x4 00
 .text.InitSysTick
                0x00003e18       0x80 ./Sources/mcl/ARM_SysTick.o
                0x00003e18                InitSysTick
 .text.vfn_init_adc0
                0x00003e98       0x50 ./Sources/mcl/ADC.o
                0x00003e98                vfn_init_adc0
 .text.u10_adc0_readAoutCamera0
                0x00003ee8       0x40 ./Sources/mcl/ADC.o
                0x00003ee8                u10_adc0_readAoutCamera0
 .text.u10_adc0_readBatteryVoltage
                0x00003f28       0x40 ./Sources/mcl/ADC.o
                0x00003f28                u10_adc0_readBatteryVoltage
 .text.main     0x00003f68       0x24 ./Sources/main.o
                0x00003f68                main
 .text.WatchDog_cfg
                0x00003f8c       0x1c ./Sources/main.o
                0x00003f8c                WatchDog_cfg
 .text.SysTick_Handler
                0x00003fa8       0x1c ./Sources/main.o
                0x00003fa8                SysTick_Handler
 .text.exit     0x00003fc4       0x38 C:/Freescale/CW MCU v10.6/MCU/ARM_GCC_Support/ewl/lib/armv6-m\libc.a(exit.o)
                0x00003fc4                exit
 .text.memset   0x00003ffc        0xc C:/Freescale/CW MCU v10.6/MCU/ARM_GCC_Support/ewl/lib/armv6-m\libc.a(memset.o)
                0x00003ffc                memset
 .text.long2str.isra.0
                0x00004008      0x19c C:/Freescale/CW MCU v10.6/MCU/ARM_GCC_Support/ewl/lib/armv6-m\libc.a(printformat_.o)
 .text.__pformatter_
                0x000041a4      0x428 C:/Freescale/CW MCU v10.6/MCU/ARM_GCC_Support/ewl/lib/armv6-m\libc.a(printformat_.o)
                0x000041a4                __pformatter_
 .text.__sformatter
                0x000045cc      0x698 C:/Freescale/CW MCU v10.6/MCU/ARM_GCC_Support/ewl/lib/armv6-m\libc.a(scanformat_.o)
                0x000045cc                __sformatter
 .text.isalpha  0x00004c64       0x20 C:/Freescale/CW MCU v10.6/MCU/ARM_GCC_Support/ewl/lib/armv6-m\libc.a(ctype_aeabi.o)
                0x00004c64                isalpha
 .text.isspace  0x00004c84       0x20 C:/Freescale/CW MCU v10.6/MCU/ARM_GCC_Support/ewl/lib/armv6-m\libc.a(ctype_aeabi.o)
                0x00004c84                isspace
 .text.toupper  0x00004ca4        0xe C:/Freescale/CW MCU v10.6/MCU/ARM_GCC_Support/ewl/lib/armv6-m\libc.a(ctype_aeabi.o)
                0x00004ca4                toupper
 .text.__strtoul
                0x00004cb2      0x1ce C:/Freescale/CW MCU v10.6/MCU/ARM_GCC_Support/ewl/lib/armv6-m\libc.a(__strtoul.o)
                0x00004cb2                __strtoul
 .text.__fill_mem
                0x00004e80       0x7e C:/Freescale/CW MCU v10.6/MCU/ARM_GCC_Support/ewl/lib/armv6-m\libc.a(__filll_mem.o)
                0x00004e80                __fill_mem
 .text.memchr   0x00004efe       0x1a C:/Freescale/CW MCU v10.6/MCU/ARM_GCC_Support/ewl/lib/armv6-m\libc.a(memchr.o)
                0x00004efe                memchr
 .text.memcpy   0x00004f18       0x12 C:/Freescale/CW MCU v10.6/MCU/ARM_GCC_Support/ewl/lib/armv6-m\libc.a(memcpy.o)
                0x00004f18                memcpy
 .text.strchr   0x00004f2a       0x1e C:/Freescale/CW MCU v10.6/MCU/ARM_GCC_Support/ewl/lib/armv6-m\libc.a(strchr.o)
                0x00004f2a                strchr
 .text.strlen   0x00004f48       0x10 C:/Freescale/CW MCU v10.6/MCU/ARM_GCC_Support/ewl/lib/armv6-m\libc.a(strlen.o)
                0x00004f48                strlen
 .text.__init_cpp
                0x00004f58       0x48 C:/Freescale/CW MCU v10.6/MCU/ARM_GCC_Support/ewl/lib/armv6-m\librt.a(gcc_ctor_dtor.o)
                0x00004f58                __init_cpp
 .text.__fini_cpp
                0x00004fa0       0x34 C:/Freescale/CW MCU v10.6/MCU/ARM_GCC_Support/ewl/lib/armv6-m\librt.a(gcc_ctor_dtor.o)
                0x00004fa0                __fini_cpp
 .text.__copy_rom_section
                0x00004fd4       0x48 C:/Freescale/CW MCU v10.6/MCU/ARM_GCC_Support/ewl/lib/armv6-m\librt.a(ROMCopy.o)
                0x00004fd4                __copy_rom_section
 .text.__copy_rom_sections_to_ram
                0x0000501c       0x34 C:/Freescale/CW MCU v10.6/MCU/ARM_GCC_Support/ewl/lib/armv6-m\librt.a(ROMCopy.o)
                0x0000501c                __copy_rom_sections_to_ram
 .text.__destroy_global_chain
                0x00005050       0x1c C:/Freescale/CW MCU v10.6/MCU/ARM_GCC_Support/ewl/lib/armv6-m\librt.a(__arm_eabi_init.o)
                0x00005050                __destroy_global_chain
 .text.__init_registers
                0x0000506c       0x1c C:/Freescale/CW MCU v10.6/MCU/ARM_GCC_Support/ewl/lib/armv6-m\librt.a(__arm_eabi_init.o)
                0x0000506c                __init_registers
 .text.__init_user
                0x00005088        0x4 C:/Freescale/CW MCU v10.6/MCU/ARM_GCC_Support/ewl/lib/armv6-m\librt.a(__arm_eabi_init.o)
                0x00005088                __init_user
 *(.rodata)
 .rodata        0x0000508c       0x40 c:/freescale/cw mcu v10.6/cross_tools/arm-none-eabi-gcc-4_7_3/bin/../lib/gcc/arm-none-eabi/4.7.3/armv6-m\libgcc.a(mulsf3.o)
 .rodata        0x000050cc       0x40 c:/freescale/cw mcu v10.6/cross_tools/arm-none-eabi-gcc-4_7_3/bin/../lib/gcc/arm-none-eabi/4.7.3/armv6-m\libgcc.a(divdf3.o)
 .rodata        0x0000510c       0x40 c:/freescale/cw mcu v10.6/cross_tools/arm-none-eabi-gcc-4_7_3/bin/../lib/gcc/arm-none-eabi/4.7.3/armv6-m\libgcc.a(muldf3.o)
 *(.rodata*)
 .rodata.vfn_StateMachine_LSC_InSignals
                0x0000514c       0x14 ./Sources/app/LineScanCamera.o
 .rodata.cps_mngTaskList
                0x00005160       0x40 ./Sources/gsc_scheduler/gsc_sch_core/gsc_sch_core_cfg.o
                0x00005160                cps_mngTaskList
 .rodata.vfn_LEDs_ctrl_BattLevel_LEDs
                0x000051a0       0x14 ./Sources/mcl/GPIO.o
 .rodata.str1.1
                0x000051b4        0x1 C:/Freescale/CW MCU v10.6/MCU/ARM_GCC_Support/ewl/lib/armv6-m\libc.a(printformat_.o)
 .rodata.CSWTCH.20
                0x000051b5        0x5 C:/Freescale/CW MCU v10.6/MCU/ARM_GCC_Support/ewl/lib/armv6-m\libc.a(printformat_.o)
 .rodata.CSWTCH.21
                0x000051ba        0x5 C:/Freescale/CW MCU v10.6/MCU/ARM_GCC_Support/ewl/lib/armv6-m\libc.a(printformat_.o)
 .rodata.__aeabi_ctype_table_C
                0x000051bf      0x101 C:/Freescale/CW MCU v10.6/MCU/ARM_GCC_Support/ewl/lib/armv6-m\libc.a(ctype_aeabi.o)
                0x000051bf                __aeabi_ctype_table_C
 *(.glue_7)
 .glue_7        0x00000000        0x0 linker stubs
 *(.glue_7t)
 .glue_7t       0x00000000        0x0 linker stubs
 *(.eh_frame)
 *(.init)
 *(.fini)
                0x000052c0                . = ALIGN (0x4)
                0x000052c0                _etext = .

.vfp11_veneer   0x000052c0        0x0
 .vfp11_veneer  0x00000000        0x0 linker stubs

.v4_bx          0x000052c0        0x0
 .v4_bx         0x00000000        0x0 linker stubs

.iplt           0x000052c0        0x0
 .iplt          0x00000000        0x0 ./Project_Settings/Startup_Code/kinetis_sysinit.o

.rel.dyn        0x000052c0        0x0
 .rel.iplt      0x00000000        0x0 ./Project_Settings/Startup_Code/kinetis_sysinit.o

.ARM.extab
 *(.ARM.extab* .gnu.linkonce.armextab.*)

.ARM            0x000052c0        0x0
                0x000052c0                __exidx_start = .
 *(.ARM.exidx*)
                0x000052c0                __exidx_end = .

.ctors          0x000052c0        0x0
                0x000052c0                __CTOR_LIST__ = .
 *crtbegin.o(.ctors)
 *(EXCLUDE_FILE(*crtend.o) .ctors)
 *(SORT(.ctors.*))
 *(.ctors)
                0x000052c0                __CTOR_END__ = .

.dtors          0x000052c0        0x0
                0x000052c0                __DTOR_LIST__ = .
 *crtbegin.o(.dtors)
 *(EXCLUDE_FILE(*crtend.o) .dtors)
 *(SORT(.dtors.*))
 *(.dtors)
                0x000052c0                __DTOR_END__ = .

.preinit_array  0x000052c0        0x0
                0x000052c0                PROVIDE (__preinit_array_start, .)
 *(.preinit_array*)
                0x000052c0                PROVIDE (__preinit_array_end, .)

.init_array     0x000052c0        0x0
                0x000052c0                PROVIDE (__init_array_start, .)
 *(SORT(.init_array.*))
 *(.init_array*)
                0x000052c0                PROVIDE (__init_array_end, .)

.fini_array     0x000052c0        0x0
                0x000052c0                PROVIDE (__fini_array_start, .)
 *(SORT(.fini_array.*))
 *(.fini_array*)
                0x000052c0                PROVIDE (__fini_array_end, .)
                0x000052c0                ___ROM_AT = .

.mtb            0x1ffff000        0x0
                0x1ffff000                . = ALIGN (0x8)
                0x1ffff000                _mtb_start = .
 *(.mtb_buf)
                0x1ffff000                . = ALIGN (0x8)
                0x1ffff000                _mtb_end = .

.data           0x1ffff000        0x0 load address 0x000052c0
                0x1ffff000                . = ALIGN (0x4)
                0x1ffff000                _sdata = .
 *(.data)
 *(.data*)
                0x1ffff000                . = ALIGN (0x4)
                0x1ffff000                _edata = .
                0x00000000                ___data_size = (_edata - _sdata)

.igot.plt       0x1ffff000        0x0
 .igot.plt      0x00000000        0x0 ./Project_Settings/Startup_Code/kinetis_sysinit.o
                0x1ffff000                . = ALIGN (0x4)

.bss            0x1ffff000      0x264
                0x1ffff000                __START_BSS = .
                0x1ffff000                PROVIDE (__bss_start__, __START_BSS)
 *(.bss)
 *(.bss*)
 .bss.argv      0x1ffff000        0x4 ./Project_Settings/Startup_Code/__arm_start.o
 .bss.StatePushButtonB.4856
                0x1ffff004        0x1 ./Sources/app/PushButtons.o
 .bss.ButtonBstate.4857
                0x1ffff005        0x1 ./Sources/app/PushButtons.o
 .bss.StatePushButtonA.4851
                0x1ffff006        0x1 ./Sources/app/PushButtons.o
 .bss.ButtonAstate.4852
                0x1ffff007        0x1 ./Sources/app/PushButtons.o
 .bss.re_sch_mngExecflag
                0x1ffff008        0x1 ./Sources/gsc_scheduler/gsc_sch_core/gsc_sch_core_tick_isr.o
                0x1ffff008                re_sch_mngExecflag
 .bss.SW2_Val.4823
                0x1ffff009        0x1 ./Sources/mcl/GPIO.o
 .bss.SW1_Val.4819
                0x1ffff00a        0x1 ./Sources/mcl/GPIO.o
 *fill*         0x1ffff00b        0x1 00
 .bss.DIP_Val.4815
                0x1ffff00c        0x2 ./Sources/mcl/GPIO.o
 *fill*         0x1ffff00e        0x2 00
 .bss.SYSTICK_FREQUENCY
                0x1ffff010        0x4 ./Sources/mcl/ARM_SysTick.o
 .bss.sys_tick_counter
                0x1ffff014        0x4 ./Sources/main.o
                0x1ffff014                sys_tick_counter
 .bss.__stdio_exit
                0x1ffff018        0x4 C:/Freescale/CW MCU v10.6/MCU/ARM_GCC_Support/ewl/lib/armv6-m\libc.a(exit.o)
                0x1ffff018                __stdio_exit
 .bss.__console_exit
                0x1ffff01c        0x4 C:/Freescale/CW MCU v10.6/MCU/ARM_GCC_Support/ewl/lib/armv6-m\libc.a(exit.o)
                0x1ffff01c                __console_exit
 .bss.__S_romp  0x1ffff020        0xc C:/Freescale/CW MCU v10.6/MCU/ARM_GCC_Support/ewl/lib/armv6-m\librt.a(ROMCopy.o)
 .bss.__global_destructor_chain
                0x1ffff02c        0x4 C:/Freescale/CW MCU v10.6/MCU/ARM_GCC_Support/ewl/lib/armv6-m\librt.a(__arm_eabi_init.o)
                0x1ffff02c                __global_destructor_chain
 *(COMMON)
 COMMON         0x1ffff030        0x3 ./Sources/app/ServoMotor.o
                0x1ffff030                sbyServoPosition
                0x1ffff031                TempCountButtonB
                0x1ffff032                TempCountButtonA
 *fill*         0x1ffff033        0x1 00
 COMMON         0x1ffff034      0x216 ./Sources/app/LineScanCamera.o
                0x1ffff034                u16StoreMaxValReadAdcAout
                0x1ffff036                s16StoreMinValReadDertvSignal
                0x1ffff038                s16StoreMaxValReadDertvSignal
                0x1ffff03a                ubyTempLineScanCameraAoutValue
                0x1ffff03b                ubyLineLocationPoint_MinValue
                0x1ffff03c                sbyError
                0x1ffff03d                sbyErrorPrev
                0x1ffff03e                ubyLineLocationPoint_MaxValue
                0x1ffff040                u16StoreMinValReadAdcAout
                0x1ffff042                s16_TempGetCurrentValueDerivativeAout
                0x1ffff044                linescancamera
                0x1ffff248                i16Differece_MinValDrtv_MaxValDrtv
 *fill*         0x1ffff24a        0x2 00
 COMMON         0x1ffff24c       0x13 ./Sources/app/DCMotors.o
                0x1ffff24c                MaxPWMvalueForStraight
                0x1ffff24d                MaxPWMvalueForCurves
                0x1ffff24e                tempadc
                0x1ffff250                sbyDCerror
                0x1ffff251                i8SetPointMotorBpwm
                0x1ffff254                speeddown
                0x1ffff258                speedup
                0x1ffff25c                i8SetPointMotorpwm
                0x1ffff25d                i8SetPointMotorApwm
                0x1ffff25e                i8StatStopInd
 *fill*         0x1ffff25f        0x1 00
 COMMON         0x1ffff260        0x2 ./Sources/gsc_scheduler/gsc_sch_core/gsc_sch_core.o
                0x1ffff260                rt_curOpMode
                0x1ffff264                . = ALIGN (0x4)
 *fill*         0x1ffff262        0x2 00
                0x1ffff264                __END_BSS = .
                0x1ffff264                PROVIDE (__bss_end__, __END_BSS)
                0x000052c0                _romp_at = (___ROM_AT + SIZEOF (.data))

.romp           0x1ffff264       0x18 load address 0x000052c0
                0x000052c0                __S_romp = _romp_at
                0x1ffff264        0x4 LONG 0x52c0 ___ROM_AT
                0x1ffff268        0x4 LONG 0x1ffff000 _sdata
                0x1ffff26c        0x4 LONG 0x0 ___data_size
                0x1ffff270        0x4 LONG 0x0
                0x1ffff274        0x4 LONG 0x0
                0x1ffff278        0x4 LONG 0x0

._user_heap_stack
                0x1ffff27c      0x800 load address 0x000052d8
                0x1ffff27c                . = ALIGN (0x4)
                0x1ffff27c                PROVIDE (end, .)
                0x1ffff27c                PROVIDE (_end, .)
                0x1ffff27c                __heap_addr = .
                0x1ffff67c                . = (. + __heap_size)
 *fill*         0x1ffff27c      0x400 00
                0x1ffffa7c                . = (. + __stack_size)
 *fill*         0x1ffff67c      0x400 00
                0x1ffffa7c                . = ALIGN (0x4)

.ARM.attributes
                0x00000000       0x31
 *(.ARM.attributes)
 .ARM.attributes
                0x00000000       0x31 ./Project_Settings/Startup_Code/kinetis_sysinit.o
 .ARM.attributes
                0x00000031       0x31 ./Project_Settings/Startup_Code/__arm_start.o
 .ARM.attributes
                0x00000062       0x31 ./Project_Settings/Startup_Code/__arm_end.o
 .ARM.attributes
                0x00000093       0x31 ./Sources/app/ServoMotor.o
 .ARM.attributes
                0x000000c4       0x31 ./Sources/app/PushButtons.o
 .ARM.attributes
                0x000000f5       0x31 ./Sources/app/LineScanCamera.o
 .ARM.attributes
                0x00000126       0x31 ./Sources/app/DCMotors.o
 .ARM.attributes
                0x00000157       0x31 ./Sources/gsc_scheduler/gsc_sch_core/gsc_sch_core_tick_isr.o
 .ARM.attributes
                0x00000188       0x31 ./Sources/gsc_scheduler/gsc_sch_core/gsc_sch_core_cfg.o
 .ARM.attributes
                0x000001b9       0x31 ./Sources/gsc_scheduler/gsc_sch_core/gsc_sch_core.o
 .ARM.attributes
                0x000001ea       0x31 ./Sources/gsc_scheduler/periodic_tasks/periodic_tasks_init.o
 .ARM.attributes
                0x0000021b       0x31 ./Sources/gsc_scheduler/periodic_tasks/periodic_tasks_exec.o
 .ARM.attributes
                0x0000024c       0x31 ./Sources/mcl/TPM.o
 .ARM.attributes
                0x0000027d       0x31 ./Sources/mcl/GPIO.o
 .ARM.attributes
                0x000002ae       0x31 ./Sources/mcl/CrystalClock.o
 .ARM.attributes
                0x000002df       0x31 ./Sources/mcl/ARM_SysTick.o
 .ARM.attributes
                0x00000310       0x31 ./Sources/mcl/ADC.o
 .ARM.attributes
                0x00000341       0x31 ./Sources/main.o
 .ARM.attributes
                0x00000372       0x31 C:/Freescale/CW MCU v10.6/MCU/ARM_GCC_Support/ewl/lib/armv6-m\libc.a(exit.o)
 .ARM.attributes
                0x000003a3       0x31 C:/Freescale/CW MCU v10.6/MCU/ARM_GCC_Support/ewl/lib/armv6-m\libc.a(memset.o)
 .ARM.attributes
                0x000003d4       0x31 C:/Freescale/CW MCU v10.6/MCU/ARM_GCC_Support/ewl/lib/armv6-m\libc.a(printformat_.o)
 .ARM.attributes
                0x00000405       0x31 C:/Freescale/CW MCU v10.6/MCU/ARM_GCC_Support/ewl/lib/armv6-m\libc.a(scanformat_.o)
 .ARM.attributes
                0x00000436       0x31 C:/Freescale/CW MCU v10.6/MCU/ARM_GCC_Support/ewl/lib/armv6-m\libc.a(ctype_aeabi.o)
 .ARM.attributes
                0x00000467       0x31 C:/Freescale/CW MCU v10.6/MCU/ARM_GCC_Support/ewl/lib/armv6-m\libc.a(__strtoul.o)
 .ARM.attributes
                0x00000498       0x31 C:/Freescale/CW MCU v10.6/MCU/ARM_GCC_Support/ewl/lib/armv6-m\libc.a(__filll_mem.o)
 .ARM.attributes
                0x000004c9       0x31 C:/Freescale/CW MCU v10.6/MCU/ARM_GCC_Support/ewl/lib/armv6-m\libc.a(memchr.o)
 .ARM.attributes
                0x000004fa       0x31 C:/Freescale/CW MCU v10.6/MCU/ARM_GCC_Support/ewl/lib/armv6-m\libc.a(memcpy.o)
 .ARM.attributes
                0x0000052b       0x31 C:/Freescale/CW MCU v10.6/MCU/ARM_GCC_Support/ewl/lib/armv6-m\libc.a(strchr.o)
 .ARM.attributes
                0x0000055c       0x31 C:/Freescale/CW MCU v10.6/MCU/ARM_GCC_Support/ewl/lib/armv6-m\libc.a(strlen.o)
 .ARM.attributes
                0x0000058d       0x1e c:/freescale/cw mcu v10.6/cross_tools/arm-none-eabi-gcc-4_7_3/bin/../lib/gcc/arm-none-eabi/4.7.3/armv6-m\libgcc.a(_thumb1_case_sqi.o)
 .ARM.attributes
                0x000005ab       0x1e c:/freescale/cw mcu v10.6/cross_tools/arm-none-eabi-gcc-4_7_3/bin/../lib/gcc/arm-none-eabi/4.7.3/armv6-m\libgcc.a(_thumb1_case_uqi.o)
 .ARM.attributes
                0x000005c9       0x1e c:/freescale/cw mcu v10.6/cross_tools/arm-none-eabi-gcc-4_7_3/bin/../lib/gcc/arm-none-eabi/4.7.3/armv6-m\libgcc.a(_udivsi3.o)
 .ARM.attributes
                0x000005e7       0x1e c:/freescale/cw mcu v10.6/cross_tools/arm-none-eabi-gcc-4_7_3/bin/../lib/gcc/arm-none-eabi/4.7.3/armv6-m\libgcc.a(_divsi3.o)
 .ARM.attributes
                0x00000605       0x1e c:/freescale/cw mcu v10.6/cross_tools/arm-none-eabi-gcc-4_7_3/bin/../lib/gcc/arm-none-eabi/4.7.3/armv6-m\libgcc.a(_dvmd_tls.o)
 .ARM.attributes
                0x00000623       0x2c c:/freescale/cw mcu v10.6/cross_tools/arm-none-eabi-gcc-4_7_3/bin/../lib/gcc/arm-none-eabi/4.7.3/armv6-m\libgcc.a(_fixunssfsi.o)
 .ARM.attributes
                0x0000064f       0x2c c:/freescale/cw mcu v10.6/cross_tools/arm-none-eabi-gcc-4_7_3/bin/../lib/gcc/arm-none-eabi/4.7.3/armv6-m\libgcc.a(_fixunsdfsi.o)
 .ARM.attributes
                0x0000067b       0x2c c:/freescale/cw mcu v10.6/cross_tools/arm-none-eabi-gcc-4_7_3/bin/../lib/gcc/arm-none-eabi/4.7.3/armv6-m\libgcc.a(mulsf3.o)
 .ARM.attributes
                0x000006a7       0x2c c:/freescale/cw mcu v10.6/cross_tools/arm-none-eabi-gcc-4_7_3/bin/../lib/gcc/arm-none-eabi/4.7.3/armv6-m\libgcc.a(subsf3.o)
 .ARM.attributes
                0x000006d3       0x2c c:/freescale/cw mcu v10.6/cross_tools/arm-none-eabi-gcc-4_7_3/bin/../lib/gcc/arm-none-eabi/4.7.3/armv6-m\libgcc.a(fixsfsi.o)
 .ARM.attributes
                0x000006ff       0x2c c:/freescale/cw mcu v10.6/cross_tools/arm-none-eabi-gcc-4_7_3/bin/../lib/gcc/arm-none-eabi/4.7.3/armv6-m\libgcc.a(floatsisf.o)
 .ARM.attributes
                0x0000072b       0x2c c:/freescale/cw mcu v10.6/cross_tools/arm-none-eabi-gcc-4_7_3/bin/../lib/gcc/arm-none-eabi/4.7.3/armv6-m\libgcc.a(divdf3.o)
 .ARM.attributes
                0x00000757       0x2c c:/freescale/cw mcu v10.6/cross_tools/arm-none-eabi-gcc-4_7_3/bin/../lib/gcc/arm-none-eabi/4.7.3/armv6-m\libgcc.a(muldf3.o)
 .ARM.attributes
                0x00000783       0x2c c:/freescale/cw mcu v10.6/cross_tools/arm-none-eabi-gcc-4_7_3/bin/../lib/gcc/arm-none-eabi/4.7.3/armv6-m\libgcc.a(subdf3.o)
 .ARM.attributes
                0x000007af       0x2c c:/freescale/cw mcu v10.6/cross_tools/arm-none-eabi-gcc-4_7_3/bin/../lib/gcc/arm-none-eabi/4.7.3/armv6-m\libgcc.a(fixdfsi.o)
 .ARM.attributes
                0x000007db       0x2c c:/freescale/cw mcu v10.6/cross_tools/arm-none-eabi-gcc-4_7_3/bin/../lib/gcc/arm-none-eabi/4.7.3/armv6-m\libgcc.a(floatunsidf.o)
 .ARM.attributes
                0x00000807       0x1e c:/freescale/cw mcu v10.6/cross_tools/arm-none-eabi-gcc-4_7_3/bin/../lib/gcc/arm-none-eabi/4.7.3/armv6-m\libgcc.a(_arm_cmpdf2.o)
 .ARM.attributes
                0x00000825       0x1e c:/freescale/cw mcu v10.6/cross_tools/arm-none-eabi-gcc-4_7_3/bin/../lib/gcc/arm-none-eabi/4.7.3/armv6-m\libgcc.a(_arm_cmpsf2.o)
 .ARM.attributes
                0x00000843       0x1e c:/freescale/cw mcu v10.6/cross_tools/arm-none-eabi-gcc-4_7_3/bin/../lib/gcc/arm-none-eabi/4.7.3/armv6-m\libgcc.a(_clzsi2.o)
 .ARM.attributes
                0x00000861       0x2c c:/freescale/cw mcu v10.6/cross_tools/arm-none-eabi-gcc-4_7_3/bin/../lib/gcc/arm-none-eabi/4.7.3/armv6-m\libgcc.a(eqsf2.o)
 .ARM.attributes
                0x0000088d       0x2c c:/freescale/cw mcu v10.6/cross_tools/arm-none-eabi-gcc-4_7_3/bin/../lib/gcc/arm-none-eabi/4.7.3/armv6-m\libgcc.a(gesf2.o)
 .ARM.attributes
                0x000008b9       0x2c c:/freescale/cw mcu v10.6/cross_tools/arm-none-eabi-gcc-4_7_3/bin/../lib/gcc/arm-none-eabi/4.7.3/armv6-m\libgcc.a(lesf2.o)
 .ARM.attributes
                0x000008e5       0x2c c:/freescale/cw mcu v10.6/cross_tools/arm-none-eabi-gcc-4_7_3/bin/../lib/gcc/arm-none-eabi/4.7.3/armv6-m\libgcc.a(eqdf2.o)
 .ARM.attributes
                0x00000911       0x2c c:/freescale/cw mcu v10.6/cross_tools/arm-none-eabi-gcc-4_7_3/bin/../lib/gcc/arm-none-eabi/4.7.3/armv6-m\libgcc.a(gedf2.o)
 .ARM.attributes
                0x0000093d       0x2c c:/freescale/cw mcu v10.6/cross_tools/arm-none-eabi-gcc-4_7_3/bin/../lib/gcc/arm-none-eabi/4.7.3/armv6-m\libgcc.a(ledf2.o)
 .ARM.attributes
                0x00000969       0x31 C:/Freescale/CW MCU v10.6/MCU/ARM_GCC_Support/ewl/lib/armv6-m\librt.a(gcc_ctor_dtor.o)
 .ARM.attributes
                0x0000099a       0x31 C:/Freescale/CW MCU v10.6/MCU/ARM_GCC_Support/ewl/lib/armv6-m\librt.a(ROMCopy.o)
 .ARM.attributes
                0x000009cb       0x31 C:/Freescale/CW MCU v10.6/MCU/ARM_GCC_Support/ewl/lib/armv6-m\librt.a(__arm_eabi_init.o)
OUTPUT(TFC2016_CONTICAR.elf elf32-littlearm)

.debug_info     0x00000000     0x4a18
 .debug_info    0x00000000      0x447 ./Project_Settings/Startup_Code/kinetis_sysinit.o
 .debug_info    0x00000447      0x12a ./Project_Settings/Startup_Code/__arm_start.o
 .debug_info    0x00000571       0x54 ./Project_Settings/Startup_Code/__arm_end.o
 .debug_info    0x000005c5      0x245 ./Sources/app/ServoMotor.o
 .debug_info    0x0000080a      0x162 ./Sources/app/PushButtons.o
 .debug_info    0x0000096c      0x3f4 ./Sources/app/LineScanCamera.o
 .debug_info    0x00000d60      0x353 ./Sources/app/DCMotors.o
 .debug_info    0x000010b3       0xb6 ./Sources/gsc_scheduler/gsc_sch_core/gsc_sch_core_tick_isr.o
 .debug_info    0x00001169      0x150 ./Sources/gsc_scheduler/gsc_sch_core/gsc_sch_core_cfg.o
 .debug_info    0x000012b9      0x219 ./Sources/gsc_scheduler/gsc_sch_core/gsc_sch_core.o
 .debug_info    0x000014d2      0x15b ./Sources/gsc_scheduler/periodic_tasks/periodic_tasks_init.o
 .debug_info    0x0000162d      0x131 ./Sources/gsc_scheduler/periodic_tasks/periodic_tasks_exec.o
 .debug_info    0x0000175e      0x480 ./Sources/mcl/TPM.o
 .debug_info    0x00001bde      0x658 ./Sources/mcl/GPIO.o
 .debug_info    0x00002236      0x26f ./Sources/mcl/CrystalClock.o
 .debug_info    0x000024a5      0x10d ./Sources/mcl/ARM_SysTick.o
 .debug_info    0x000025b2      0x54b ./Sources/mcl/ADC.o
 .debug_info    0x00002afd      0x303 ./Sources/main.o
 .debug_info    0x00002e00       0xe8 C:/Freescale/CW MCU v10.6/MCU/ARM_GCC_Support/ewl/lib/armv6-m\libc.a(exit.o)
 .debug_info    0x00002ee8       0xec C:/Freescale/CW MCU v10.6/MCU/ARM_GCC_Support/ewl/lib/armv6-m\libc.a(memset.o)
 .debug_info    0x00002fd4      0x50d C:/Freescale/CW MCU v10.6/MCU/ARM_GCC_Support/ewl/lib/armv6-m\libc.a(printformat_.o)
 .debug_info    0x000034e1      0x568 C:/Freescale/CW MCU v10.6/MCU/ARM_GCC_Support/ewl/lib/armv6-m\libc.a(scanformat_.o)
 .debug_info    0x00003a49      0x313 C:/Freescale/CW MCU v10.6/MCU/ARM_GCC_Support/ewl/lib/armv6-m\libc.a(ctype_aeabi.o)
 .debug_info    0x00003d5c      0x1d6 C:/Freescale/CW MCU v10.6/MCU/ARM_GCC_Support/ewl/lib/armv6-m\libc.a(__strtoul.o)
 .debug_info    0x00003f32      0x137 C:/Freescale/CW MCU v10.6/MCU/ARM_GCC_Support/ewl/lib/armv6-m\libc.a(__filll_mem.o)
 .debug_info    0x00004069      0x121 C:/Freescale/CW MCU v10.6/MCU/ARM_GCC_Support/ewl/lib/armv6-m\libc.a(memchr.o)
 .debug_info    0x0000418a      0x10f C:/Freescale/CW MCU v10.6/MCU/ARM_GCC_Support/ewl/lib/armv6-m\libc.a(memcpy.o)
 .debug_info    0x00004299      0x10b C:/Freescale/CW MCU v10.6/MCU/ARM_GCC_Support/ewl/lib/armv6-m\libc.a(strchr.o)
 .debug_info    0x000043a4       0xea C:/Freescale/CW MCU v10.6/MCU/ARM_GCC_Support/ewl/lib/armv6-m\libc.a(strlen.o)
 .debug_info    0x0000448e      0x136 C:/Freescale/CW MCU v10.6/MCU/ARM_GCC_Support/ewl/lib/armv6-m\librt.a(gcc_ctor_dtor.o)
 .debug_info    0x000045c4      0x19b C:/Freescale/CW MCU v10.6/MCU/ARM_GCC_Support/ewl/lib/armv6-m\librt.a(ROMCopy.o)
 .debug_info    0x0000475f      0x2b9 C:/Freescale/CW MCU v10.6/MCU/ARM_GCC_Support/ewl/lib/armv6-m\librt.a(__arm_eabi_init.o)

.debug_abbrev   0x00000000     0x1a0f
 .debug_abbrev  0x00000000       0xe7 ./Project_Settings/Startup_Code/kinetis_sysinit.o
 .debug_abbrev  0x000000e7       0x92 ./Project_Settings/Startup_Code/__arm_start.o
 .debug_abbrev  0x00000179       0x4c ./Project_Settings/Startup_Code/__arm_end.o
 .debug_abbrev  0x000001c5      0x10b ./Sources/app/ServoMotor.o
 .debug_abbrev  0x000002d0       0x82 ./Sources/app/PushButtons.o
 .debug_abbrev  0x00000352      0x15d ./Sources/app/LineScanCamera.o
 .debug_abbrev  0x000004af      0x126 ./Sources/app/DCMotors.o
 .debug_abbrev  0x000005d5       0x71 ./Sources/gsc_scheduler/gsc_sch_core/gsc_sch_core_tick_isr.o
 .debug_abbrev  0x00000646       0xa1 ./Sources/gsc_scheduler/gsc_sch_core/gsc_sch_core_cfg.o
 .debug_abbrev  0x000006e7       0xd8 ./Sources/gsc_scheduler/gsc_sch_core/gsc_sch_core.o
 .debug_abbrev  0x000007bf       0x5b ./Sources/gsc_scheduler/periodic_tasks/periodic_tasks_init.o
 .debug_abbrev  0x0000081a       0x5b ./Sources/gsc_scheduler/periodic_tasks/periodic_tasks_exec.o
 .debug_abbrev  0x00000875       0xdc ./Sources/mcl/TPM.o
 .debug_abbrev  0x00000951      0x130 ./Sources/mcl/GPIO.o
 .debug_abbrev  0x00000a81       0xea ./Sources/mcl/CrystalClock.o
 .debug_abbrev  0x00000b6b       0xb4 ./Sources/mcl/ARM_SysTick.o
 .debug_abbrev  0x00000c1f       0xfa ./Sources/mcl/ADC.o
 .debug_abbrev  0x00000d19       0xc8 ./Sources/main.o
 .debug_abbrev  0x00000de1       0x7a C:/Freescale/CW MCU v10.6/MCU/ARM_GCC_Support/ewl/lib/armv6-m\libc.a(exit.o)
 .debug_abbrev  0x00000e5b       0x62 C:/Freescale/CW MCU v10.6/MCU/ARM_GCC_Support/ewl/lib/armv6-m\libc.a(memset.o)
 .debug_abbrev  0x00000ebd      0x200 C:/Freescale/CW MCU v10.6/MCU/ARM_GCC_Support/ewl/lib/armv6-m\libc.a(printformat_.o)
 .debug_abbrev  0x000010bd      0x1f0 C:/Freescale/CW MCU v10.6/MCU/ARM_GCC_Support/ewl/lib/armv6-m\libc.a(scanformat_.o)
 .debug_abbrev  0x000012ad       0x9e C:/Freescale/CW MCU v10.6/MCU/ARM_GCC_Support/ewl/lib/armv6-m\libc.a(ctype_aeabi.o)
 .debug_abbrev  0x0000134b       0xc2 C:/Freescale/CW MCU v10.6/MCU/ARM_GCC_Support/ewl/lib/armv6-m\libc.a(__strtoul.o)
 .debug_abbrev  0x0000140d       0x78 C:/Freescale/CW MCU v10.6/MCU/ARM_GCC_Support/ewl/lib/armv6-m\libc.a(__filll_mem.o)
 .debug_abbrev  0x00001485       0x95 C:/Freescale/CW MCU v10.6/MCU/ARM_GCC_Support/ewl/lib/armv6-m\libc.a(memchr.o)
 .debug_abbrev  0x0000151a       0x95 C:/Freescale/CW MCU v10.6/MCU/ARM_GCC_Support/ewl/lib/armv6-m\libc.a(memcpy.o)
 .debug_abbrev  0x000015af       0x7a C:/Freescale/CW MCU v10.6/MCU/ARM_GCC_Support/ewl/lib/armv6-m\libc.a(strchr.o)
 .debug_abbrev  0x00001629       0x7a C:/Freescale/CW MCU v10.6/MCU/ARM_GCC_Support/ewl/lib/armv6-m\libc.a(strlen.o)
 .debug_abbrev  0x000016a3       0x99 C:/Freescale/CW MCU v10.6/MCU/ARM_GCC_Support/ewl/lib/armv6-m\librt.a(gcc_ctor_dtor.o)
 .debug_abbrev  0x0000173c      0x120 C:/Freescale/CW MCU v10.6/MCU/ARM_GCC_Support/ewl/lib/armv6-m\librt.a(ROMCopy.o)
 .debug_abbrev  0x0000185c      0x1b3 C:/Freescale/CW MCU v10.6/MCU/ARM_GCC_Support/ewl/lib/armv6-m\librt.a(__arm_eabi_init.o)

.debug_loc      0x00000000     0x3347
 .debug_loc     0x00000000       0x58 ./Project_Settings/Startup_Code/kinetis_sysinit.o
 .debug_loc     0x00000058       0x2c ./Project_Settings/Startup_Code/__arm_start.o
 .debug_loc     0x00000084       0x38 ./Project_Settings/Startup_Code/__arm_end.o
 .debug_loc     0x000000bc       0x70 ./Sources/app/ServoMotor.o
 .debug_loc     0x0000012c       0x58 ./Sources/app/PushButtons.o
 .debug_loc     0x00000184      0x138 ./Sources/app/LineScanCamera.o
 .debug_loc     0x000002bc       0xf4 ./Sources/app/DCMotors.o
 .debug_loc     0x000003b0       0x2c ./Sources/gsc_scheduler/gsc_sch_core/gsc_sch_core_tick_isr.o
 .debug_loc     0x000003dc       0x70 ./Sources/gsc_scheduler/gsc_sch_core/gsc_sch_core.o
 .debug_loc     0x0000044c      0x18c ./Sources/gsc_scheduler/periodic_tasks/periodic_tasks_init.o
 .debug_loc     0x000005d8      0x134 ./Sources/gsc_scheduler/periodic_tasks/periodic_tasks_exec.o
 .debug_loc     0x0000070c       0x58 ./Sources/mcl/TPM.o
 .debug_loc     0x00000764      0x26c ./Sources/mcl/GPIO.o
 .debug_loc     0x000009d0       0x70 ./Sources/mcl/CrystalClock.o
 .debug_loc     0x00000a40       0x38 ./Sources/mcl/ARM_SysTick.o
 .debug_loc     0x00000a78      0x160 ./Sources/mcl/ADC.o
 .debug_loc     0x00000bd8       0x84 ./Sources/main.o
 .debug_loc     0x00000c5c       0x3e C:/Freescale/CW MCU v10.6/MCU/ARM_GCC_Support/ewl/lib/armv6-m\libc.a(exit.o)
 .debug_loc     0x00000c9a       0x6f C:/Freescale/CW MCU v10.6/MCU/ARM_GCC_Support/ewl/lib/armv6-m\libc.a(memset.o)
 .debug_loc     0x00000d09     0x104b C:/Freescale/CW MCU v10.6/MCU/ARM_GCC_Support/ewl/lib/armv6-m\libc.a(printformat_.o)
 .debug_loc     0x00001d54      0x9d8 C:/Freescale/CW MCU v10.6/MCU/ARM_GCC_Support/ewl/lib/armv6-m\libc.a(scanformat_.o)
 .debug_loc     0x0000272c      0x30d C:/Freescale/CW MCU v10.6/MCU/ARM_GCC_Support/ewl/lib/armv6-m\libc.a(ctype_aeabi.o)
 .debug_loc     0x00002a39      0x305 C:/Freescale/CW MCU v10.6/MCU/ARM_GCC_Support/ewl/lib/armv6-m\libc.a(__strtoul.o)
 .debug_loc     0x00002d3e      0x14a C:/Freescale/CW MCU v10.6/MCU/ARM_GCC_Support/ewl/lib/armv6-m\libc.a(__filll_mem.o)
 .debug_loc     0x00002e88       0x77 C:/Freescale/CW MCU v10.6/MCU/ARM_GCC_Support/ewl/lib/armv6-m\libc.a(memchr.o)
 .debug_loc     0x00002eff       0x59 C:/Freescale/CW MCU v10.6/MCU/ARM_GCC_Support/ewl/lib/armv6-m\libc.a(memcpy.o)
 .debug_loc     0x00002f58       0xaf C:/Freescale/CW MCU v10.6/MCU/ARM_GCC_Support/ewl/lib/armv6-m\libc.a(strchr.o)
 .debug_loc     0x00003007       0x33 C:/Freescale/CW MCU v10.6/MCU/ARM_GCC_Support/ewl/lib/armv6-m\libc.a(strlen.o)
 .debug_loc     0x0000303a       0x9d C:/Freescale/CW MCU v10.6/MCU/ARM_GCC_Support/ewl/lib/armv6-m\librt.a(gcc_ctor_dtor.o)
 .debug_loc     0x000030d7       0xd9 C:/Freescale/CW MCU v10.6/MCU/ARM_GCC_Support/ewl/lib/armv6-m\librt.a(ROMCopy.o)
 .debug_loc     0x000031b0      0x197 C:/Freescale/CW MCU v10.6/MCU/ARM_GCC_Support/ewl/lib/armv6-m\librt.a(__arm_eabi_init.o)

.debug_aranges  0x00000000      0x658
 .debug_aranges
                0x00000000       0x28 ./Project_Settings/Startup_Code/kinetis_sysinit.o
 .debug_aranges
                0x00000028       0x30 ./Project_Settings/Startup_Code/__arm_start.o
 .debug_aranges
                0x00000058       0x20 ./Project_Settings/Startup_Code/__arm_end.o
 .debug_aranges
                0x00000078       0x28 ./Sources/app/ServoMotor.o
 .debug_aranges
                0x000000a0       0x28 ./Sources/app/PushButtons.o
 .debug_aranges
                0x000000c8       0x48 ./Sources/app/LineScanCamera.o
 .debug_aranges
                0x00000110       0x40 ./Sources/app/DCMotors.o
 .debug_aranges
                0x00000150       0x20 ./Sources/gsc_scheduler/gsc_sch_core/gsc_sch_core_tick_isr.o
 .debug_aranges
                0x00000170       0x18 ./Sources/gsc_scheduler/gsc_sch_core/gsc_sch_core_cfg.o
 .debug_aranges
                0x00000188       0x28 ./Sources/gsc_scheduler/gsc_sch_core/gsc_sch_core.o
 .debug_aranges
                0x000001b0       0x60 ./Sources/gsc_scheduler/periodic_tasks/periodic_tasks_init.o
 .debug_aranges
                0x00000210       0x50 ./Sources/gsc_scheduler/periodic_tasks/periodic_tasks_exec.o
 .debug_aranges
                0x00000260       0x28 ./Sources/mcl/TPM.o
 .debug_aranges
                0x00000288       0x80 ./Sources/mcl/GPIO.o
 .debug_aranges
                0x00000308       0x28 ./Sources/mcl/CrystalClock.o
 .debug_aranges
                0x00000330       0x20 ./Sources/mcl/ARM_SysTick.o
 .debug_aranges
                0x00000350       0x58 ./Sources/mcl/ADC.o
 .debug_aranges
                0x000003a8       0x30 ./Sources/main.o
 .debug_aranges
                0x000003d8       0x20 C:/Freescale/CW MCU v10.6/MCU/ARM_GCC_Support/ewl/lib/armv6-m\libc.a(exit.o)
 .debug_aranges
                0x000003f8       0x20 C:/Freescale/CW MCU v10.6/MCU/ARM_GCC_Support/ewl/lib/armv6-m\libc.a(memset.o)
 .debug_aranges
                0x00000418       0x28 C:/Freescale/CW MCU v10.6/MCU/ARM_GCC_Support/ewl/lib/armv6-m\libc.a(printformat_.o)
 .debug_aranges
                0x00000440       0x20 C:/Freescale/CW MCU v10.6/MCU/ARM_GCC_Support/ewl/lib/armv6-m\libc.a(scanformat_.o)
 .debug_aranges
                0x00000460       0x88 C:/Freescale/CW MCU v10.6/MCU/ARM_GCC_Support/ewl/lib/armv6-m\libc.a(ctype_aeabi.o)
 .debug_aranges
                0x000004e8       0x20 C:/Freescale/CW MCU v10.6/MCU/ARM_GCC_Support/ewl/lib/armv6-m\libc.a(__strtoul.o)
 .debug_aranges
                0x00000508       0x20 C:/Freescale/CW MCU v10.6/MCU/ARM_GCC_Support/ewl/lib/armv6-m\libc.a(__filll_mem.o)
 .debug_aranges
                0x00000528       0x20 C:/Freescale/CW MCU v10.6/MCU/ARM_GCC_Support/ewl/lib/armv6-m\libc.a(memchr.o)
 .debug_aranges
                0x00000548       0x20 C:/Freescale/CW MCU v10.6/MCU/ARM_GCC_Support/ewl/lib/armv6-m\libc.a(memcpy.o)
 .debug_aranges
                0x00000568       0x20 C:/Freescale/CW MCU v10.6/MCU/ARM_GCC_Support/ewl/lib/armv6-m\libc.a(strchr.o)
 .debug_aranges
                0x00000588       0x20 C:/Freescale/CW MCU v10.6/MCU/ARM_GCC_Support/ewl/lib/armv6-m\libc.a(strlen.o)
 .debug_aranges
                0x000005a8       0x28 C:/Freescale/CW MCU v10.6/MCU/ARM_GCC_Support/ewl/lib/armv6-m\librt.a(gcc_ctor_dtor.o)
 .debug_aranges
                0x000005d0       0x30 C:/Freescale/CW MCU v10.6/MCU/ARM_GCC_Support/ewl/lib/armv6-m\librt.a(ROMCopy.o)
 .debug_aranges
                0x00000600       0x58 C:/Freescale/CW MCU v10.6/MCU/ARM_GCC_Support/ewl/lib/armv6-m\librt.a(__arm_eabi_init.o)

.debug_macinfo  0x00000000   0x272062
 .debug_macinfo
                0x00000000    0x264f0 ./Project_Settings/Startup_Code/kinetis_sysinit.o
 .debug_macinfo
                0x000264f0     0x3e6d ./Project_Settings/Startup_Code/__arm_start.o
 .debug_macinfo
                0x0002a35d     0x3456 ./Project_Settings/Startup_Code/__arm_end.o
 .debug_macinfo
                0x0002d7b3    0x2706b ./Sources/app/ServoMotor.o
 .debug_macinfo
                0x0005481e    0x2706b ./Sources/app/PushButtons.o
 .debug_macinfo
                0x0007b889    0x26c68 ./Sources/app/LineScanCamera.o
 .debug_macinfo
                0x000a24f1    0x2736a ./Sources/app/DCMotors.o
 .debug_macinfo
                0x000c985b    0x26621 ./Sources/gsc_scheduler/gsc_sch_core/gsc_sch_core_tick_isr.o
 .debug_macinfo
                0x000efe7c    0x26703 ./Sources/gsc_scheduler/gsc_sch_core/gsc_sch_core_cfg.o
 .debug_macinfo
                0x0011657f    0x266e8 ./Sources/gsc_scheduler/gsc_sch_core/gsc_sch_core.o
 .debug_macinfo
                0x0013cc67    0x270bc ./Sources/gsc_scheduler/periodic_tasks/periodic_tasks_init.o
 .debug_macinfo
                0x00163d23    0x270bc ./Sources/gsc_scheduler/periodic_tasks/periodic_tasks_exec.o
 .debug_macinfo
                0x0018addf    0x2706b ./Sources/mcl/TPM.o
 .debug_macinfo
                0x001b1e4a    0x26a35 ./Sources/mcl/GPIO.o
 .debug_macinfo
                0x001d887f    0x265f9 ./Sources/mcl/CrystalClock.o
 .debug_macinfo
                0x001fee78    0x2656a ./Sources/mcl/ARM_SysTick.o
 .debug_macinfo
                0x002253e2    0x265fe ./Sources/mcl/ADC.o
 .debug_macinfo
                0x0024b9e0    0x26682 ./Sources/main.o

.debug_line     0x00000000     0x4e20
 .debug_line    0x00000000      0x221 ./Project_Settings/Startup_Code/kinetis_sysinit.o
 .debug_line    0x00000221      0x2a4 ./Project_Settings/Startup_Code/__arm_start.o
 .debug_line    0x000004c5      0x266 ./Project_Settings/Startup_Code/__arm_end.o
 .debug_line    0x0000072b      0x4c2 ./Sources/app/ServoMotor.o
 .debug_line    0x00000bed      0x46b ./Sources/app/PushButtons.o
 .debug_line    0x00001058      0x385 ./Sources/app/LineScanCamera.o
 .debug_line    0x000013dd      0x4a1 ./Sources/app/DCMotors.o
 .debug_line    0x0000187e      0x243 ./Sources/gsc_scheduler/gsc_sch_core/gsc_sch_core_tick_isr.o
 .debug_line    0x00001ac1      0x291 ./Sources/gsc_scheduler/gsc_sch_core/gsc_sch_core_cfg.o
 .debug_line    0x00001d52      0x286 ./Sources/gsc_scheduler/gsc_sch_core/gsc_sch_core.o
 .debug_line    0x00001fd8      0x6f1 ./Sources/gsc_scheduler/periodic_tasks/periodic_tasks_init.o
 .debug_line    0x000026c9      0x6cd ./Sources/gsc_scheduler/periodic_tasks/periodic_tasks_exec.o
 .debug_line    0x00002d96      0x472 ./Sources/mcl/TPM.o
 .debug_line    0x00003208      0x34d ./Sources/mcl/GPIO.o
 .debug_line    0x00003555      0x2a7 ./Sources/mcl/CrystalClock.o
 .debug_line    0x000037fc      0x20a ./Sources/mcl/ARM_SysTick.o
 .debug_line    0x00003a06      0x2be ./Sources/mcl/ADC.o
 .debug_line    0x00003cc4      0x280 ./Sources/main.o
 .debug_line    0x00003f44       0x8d C:/Freescale/CW MCU v10.6/MCU/ARM_GCC_Support/ewl/lib/armv6-m\libc.a(exit.o)
 .debug_line    0x00003fd1       0x90 C:/Freescale/CW MCU v10.6/MCU/ARM_GCC_Support/ewl/lib/armv6-m\libc.a(memset.o)
 .debug_line    0x00004061      0x2c3 C:/Freescale/CW MCU v10.6/MCU/ARM_GCC_Support/ewl/lib/armv6-m\libc.a(printformat_.o)
 .debug_line    0x00004324      0x2be C:/Freescale/CW MCU v10.6/MCU/ARM_GCC_Support/ewl/lib/armv6-m\libc.a(scanformat_.o)
 .debug_line    0x000045e2      0x1be C:/Freescale/CW MCU v10.6/MCU/ARM_GCC_Support/ewl/lib/armv6-m\libc.a(ctype_aeabi.o)
 .debug_line    0x000047a0      0x11e C:/Freescale/CW MCU v10.6/MCU/ARM_GCC_Support/ewl/lib/armv6-m\libc.a(__strtoul.o)
 .debug_line    0x000048be       0xf6 C:/Freescale/CW MCU v10.6/MCU/ARM_GCC_Support/ewl/lib/armv6-m\libc.a(__filll_mem.o)
 .debug_line    0x000049b4       0x9f C:/Freescale/CW MCU v10.6/MCU/ARM_GCC_Support/ewl/lib/armv6-m\libc.a(memchr.o)
 .debug_line    0x00004a53       0x8b C:/Freescale/CW MCU v10.6/MCU/ARM_GCC_Support/ewl/lib/armv6-m\libc.a(memcpy.o)
 .debug_line    0x00004ade       0x7d C:/Freescale/CW MCU v10.6/MCU/ARM_GCC_Support/ewl/lib/armv6-m\libc.a(strchr.o)
 .debug_line    0x00004b5b       0x85 C:/Freescale/CW MCU v10.6/MCU/ARM_GCC_Support/ewl/lib/armv6-m\libc.a(strlen.o)
 .debug_line    0x00004be0       0x6c C:/Freescale/CW MCU v10.6/MCU/ARM_GCC_Support/ewl/lib/armv6-m\librt.a(gcc_ctor_dtor.o)
 .debug_line    0x00004c4c       0xbd C:/Freescale/CW MCU v10.6/MCU/ARM_GCC_Support/ewl/lib/armv6-m\librt.a(ROMCopy.o)
 .debug_line    0x00004d09      0x117 C:/Freescale/CW MCU v10.6/MCU/ARM_GCC_Support/ewl/lib/armv6-m\librt.a(__arm_eabi_init.o)

.debug_str      0x00000000     0x1da9
 .debug_str     0x00000000      0x2a2 ./Project_Settings/Startup_Code/kinetis_sysinit.o
                                0x2c9 (size before relaxing)
 .debug_str     0x000002a2       0x85 ./Project_Settings/Startup_Code/__arm_start.o
                                0x1a3 (size before relaxing)
 .debug_str     0x00000327       0x41 ./Project_Settings/Startup_Code/__arm_end.o
                                 0xda (size before relaxing)
 .debug_str     0x00000368      0x11d ./Sources/app/ServoMotor.o
                                0x264 (size before relaxing)
 .debug_str     0x00000485      0x11c ./Sources/app/PushButtons.o
                                0x25f (size before relaxing)
 .debug_str     0x000005a1      0x389 ./Sources/app/LineScanCamera.o
                                0x4d8 (size before relaxing)
 .debug_str     0x0000092a      0x1c9 ./Sources/app/DCMotors.o
                                0x377 (size before relaxing)
 .debug_str     0x00000af3       0x86 ./Sources/gsc_scheduler/gsc_sch_core/gsc_sch_core_tick_isr.o
                                0x19f (size before relaxing)
 .debug_str     0x00000b79      0x11f ./Sources/gsc_scheduler/gsc_sch_core/gsc_sch_core_cfg.o
                                0x238 (size before relaxing)
 .debug_str     0x00000c98       0xac ./Sources/gsc_scheduler/gsc_sch_core/gsc_sch_core.o
                                0x2dd (size before relaxing)
 .debug_str     0x00000d44      0x151 ./Sources/gsc_scheduler/periodic_tasks/periodic_tasks_init.o
                                0x294 (size before relaxing)
 .debug_str     0x00000e95       0xf6 ./Sources/gsc_scheduler/periodic_tasks/periodic_tasks_exec.o
                                0x239 (size before relaxing)
 .debug_str     0x00000f8b       0x6f ./Sources/mcl/TPM.o
                                0x2d4 (size before relaxing)
 .debug_str     0x00000ffa      0x1d7 ./Sources/mcl/GPIO.o
                                0x472 (size before relaxing)
 .debug_str     0x000011d1       0xc5 ./Sources/mcl/CrystalClock.o
                                0x1ef (size before relaxing)
 .debug_str     0x00001296       0x74 ./Sources/mcl/ARM_SysTick.o
                                0x189 (size before relaxing)
 .debug_str     0x0000130a      0x1d8 ./Sources/mcl/ADC.o
                                0x3fb (size before relaxing)
 .debug_str     0x000014e2       0x45 ./Sources/main.o
                                0x255 (size before relaxing)
 .debug_str     0x00001527       0x54 C:/Freescale/CW MCU v10.6/MCU/ARM_GCC_Support/ewl/lib/armv6-m\libc.a(exit.o)
                                0x157 (size before relaxing)
 .debug_str     0x0000157b       0x23 C:/Freescale/CW MCU v10.6/MCU/ARM_GCC_Support/ewl/lib/armv6-m\libc.a(memset.o)
                                0x140 (size before relaxing)
 .debug_str     0x0000159e      0x23b C:/Freescale/CW MCU v10.6/MCU/ARM_GCC_Support/ewl/lib/armv6-m\libc.a(printformat_.o)
                                0x3b3 (size before relaxing)
 .debug_str     0x000017d9      0x184 C:/Freescale/CW MCU v10.6/MCU/ARM_GCC_Support/ewl/lib/armv6-m\libc.a(scanformat_.o)
                                0x3f9 (size before relaxing)
 .debug_str     0x0000195d       0x9d C:/Freescale/CW MCU v10.6/MCU/ARM_GCC_Support/ewl/lib/armv6-m\libc.a(ctype_aeabi.o)
                                0x1bc (size before relaxing)
 .debug_str     0x000019fa       0x5b C:/Freescale/CW MCU v10.6/MCU/ARM_GCC_Support/ewl/lib/armv6-m\libc.a(__strtoul.o)
                                0x1fb (size before relaxing)
 .debug_str     0x00001a55       0x25 C:/Freescale/CW MCU v10.6/MCU/ARM_GCC_Support/ewl/lib/armv6-m\libc.a(__filll_mem.o)
                                0x152 (size before relaxing)
 .debug_str     0x00001a7a       0x1c C:/Freescale/CW MCU v10.6/MCU/ARM_GCC_Support/ewl/lib/armv6-m\libc.a(memchr.o)
                                0x148 (size before relaxing)
 .debug_str     0x00001a96       0x1c C:/Freescale/CW MCU v10.6/MCU/ARM_GCC_Support/ewl/lib/armv6-m\libc.a(memcpy.o)
                                0x138 (size before relaxing)
 .debug_str     0x00001ab2       0x1c C:/Freescale/CW MCU v10.6/MCU/ARM_GCC_Support/ewl/lib/armv6-m\libc.a(strchr.o)
                                0x137 (size before relaxing)
 .debug_str     0x00001ace       0x1c C:/Freescale/CW MCU v10.6/MCU/ARM_GCC_Support/ewl/lib/armv6-m\libc.a(strlen.o)
                                0x140 (size before relaxing)
 .debug_str     0x00001aea      0x126 C:/Freescale/CW MCU v10.6/MCU/ARM_GCC_Support/ewl/lib/armv6-m\librt.a(gcc_ctor_dtor.o)
                                0x181 (size before relaxing)
 .debug_str     0x00001c10       0xa1 C:/Freescale/CW MCU v10.6/MCU/ARM_GCC_Support/ewl/lib/armv6-m\librt.a(ROMCopy.o)
                                0x13c (size before relaxing)
 .debug_str     0x00001cb1       0xf8 C:/Freescale/CW MCU v10.6/MCU/ARM_GCC_Support/ewl/lib/armv6-m\librt.a(__arm_eabi_init.o)
                                0x1b5 (size before relaxing)

.comment        0x00000000       0x79
 .comment       0x00000000       0x79 ./Project_Settings/Startup_Code/kinetis_sysinit.o
                                 0x7a (size before relaxing)
 .comment       0x00000000       0x7a ./Project_Settings/Startup_Code/__arm_start.o
 .comment       0x00000000       0x7a ./Project_Settings/Startup_Code/__arm_end.o
 .comment       0x00000000       0x7a ./Sources/app/ServoMotor.o
 .comment       0x00000000       0x7a ./Sources/app/PushButtons.o
 .comment       0x00000000       0x7a ./Sources/app/LineScanCamera.o
 .comment       0x00000000       0x7a ./Sources/app/DCMotors.o
 .comment       0x00000000       0x7a ./Sources/gsc_scheduler/gsc_sch_core/gsc_sch_core_tick_isr.o
 .comment       0x00000000       0x7a ./Sources/gsc_scheduler/gsc_sch_core/gsc_sch_core_cfg.o
 .comment       0x00000000       0x7a ./Sources/gsc_scheduler/gsc_sch_core/gsc_sch_core.o
 .comment       0x00000000       0x7a ./Sources/gsc_scheduler/periodic_tasks/periodic_tasks_init.o
 .comment       0x00000000       0x7a ./Sources/gsc_scheduler/periodic_tasks/periodic_tasks_exec.o
 .comment       0x00000000       0x7a ./Sources/mcl/TPM.o
 .comment       0x00000000       0x7a ./Sources/mcl/GPIO.o
 .comment       0x00000000       0x7a ./Sources/mcl/CrystalClock.o
 .comment       0x00000000       0x7a ./Sources/mcl/ARM_SysTick.o
 .comment       0x00000000       0x7a ./Sources/mcl/ADC.o
 .comment       0x00000000       0x7a ./Sources/main.o
 .comment       0x00000000       0x7a C:/Freescale/CW MCU v10.6/MCU/ARM_GCC_Support/ewl/lib/armv6-m\libc.a(exit.o)
 .comment       0x00000000       0x7a C:/Freescale/CW MCU v10.6/MCU/ARM_GCC_Support/ewl/lib/armv6-m\libc.a(memset.o)
 .comment       0x00000000       0x7a C:/Freescale/CW MCU v10.6/MCU/ARM_GCC_Support/ewl/lib/armv6-m\libc.a(printformat_.o)
 .comment       0x00000000       0x7a C:/Freescale/CW MCU v10.6/MCU/ARM_GCC_Support/ewl/lib/armv6-m\libc.a(scanformat_.o)
 .comment       0x00000000       0x7a C:/Freescale/CW MCU v10.6/MCU/ARM_GCC_Support/ewl/lib/armv6-m\libc.a(ctype_aeabi.o)
 .comment       0x00000000       0x7a C:/Freescale/CW MCU v10.6/MCU/ARM_GCC_Support/ewl/lib/armv6-m\libc.a(__strtoul.o)
 .comment       0x00000000       0x7a C:/Freescale/CW MCU v10.6/MCU/ARM_GCC_Support/ewl/lib/armv6-m\libc.a(__filll_mem.o)
 .comment       0x00000000       0x7a C:/Freescale/CW MCU v10.6/MCU/ARM_GCC_Support/ewl/lib/armv6-m\libc.a(memchr.o)
 .comment       0x00000000       0x7a C:/Freescale/CW MCU v10.6/MCU/ARM_GCC_Support/ewl/lib/armv6-m\libc.a(memcpy.o)
 .comment       0x00000000       0x7a C:/Freescale/CW MCU v10.6/MCU/ARM_GCC_Support/ewl/lib/armv6-m\libc.a(strchr.o)
 .comment       0x00000000       0x7a C:/Freescale/CW MCU v10.6/MCU/ARM_GCC_Support/ewl/lib/armv6-m\libc.a(strlen.o)
 .comment       0x00000000       0x7a C:/Freescale/CW MCU v10.6/MCU/ARM_GCC_Support/ewl/lib/armv6-m\librt.a(gcc_ctor_dtor.o)
 .comment       0x00000000       0x7a C:/Freescale/CW MCU v10.6/MCU/ARM_GCC_Support/ewl/lib/armv6-m\librt.a(ROMCopy.o)
 .comment       0x00000000       0x7a C:/Freescale/CW MCU v10.6/MCU/ARM_GCC_Support/ewl/lib/armv6-m\librt.a(__arm_eabi_init.o)

.debug_frame    0x00000000     0x10dc
 .debug_frame   0x00000000       0x48 ./Project_Settings/Startup_Code/kinetis_sysinit.o
 .debug_frame   0x00000048       0x4c ./Project_Settings/Startup_Code/__arm_start.o
 .debug_frame   0x00000094       0x30 ./Project_Settings/Startup_Code/__arm_end.o
 .debug_frame   0x000000c4       0x50 ./Sources/app/ServoMotor.o
 .debug_frame   0x00000114       0x48 ./Sources/app/PushButtons.o
 .debug_frame   0x0000015c       0xcc ./Sources/app/LineScanCamera.o
 .debug_frame   0x00000228       0xa4 ./Sources/app/DCMotors.o
 .debug_frame   0x000002cc       0x2c ./Sources/gsc_scheduler/gsc_sch_core/gsc_sch_core_tick_isr.o
 .debug_frame   0x000002f8       0x50 ./Sources/gsc_scheduler/gsc_sch_core/gsc_sch_core.o
 .debug_frame   0x00000348      0x10c ./Sources/gsc_scheduler/periodic_tasks/periodic_tasks_init.o
 .debug_frame   0x00000454       0xd4 ./Sources/gsc_scheduler/periodic_tasks/periodic_tasks_exec.o
 .debug_frame   0x00000528       0x48 ./Sources/mcl/TPM.o
 .debug_frame   0x00000570      0x18c ./Sources/mcl/GPIO.o
 .debug_frame   0x000006fc       0x50 ./Sources/mcl/CrystalClock.o
 .debug_frame   0x0000074c       0x30 ./Sources/mcl/ARM_SysTick.o
 .debug_frame   0x0000077c       0xf0 ./Sources/mcl/ADC.o
 .debug_frame   0x0000086c       0x64 ./Sources/main.o
 .debug_frame   0x000008d0       0x2c C:/Freescale/CW MCU v10.6/MCU/ARM_GCC_Support/ewl/lib/armv6-m\libc.a(exit.o)
 .debug_frame   0x000008fc       0x28 C:/Freescale/CW MCU v10.6/MCU/ARM_GCC_Support/ewl/lib/armv6-m\libc.a(memset.o)
 .debug_frame   0x00000924       0x54 C:/Freescale/CW MCU v10.6/MCU/ARM_GCC_Support/ewl/lib/armv6-m\libc.a(printformat_.o)
 .debug_frame   0x00000978       0x34 C:/Freescale/CW MCU v10.6/MCU/ARM_GCC_Support/ewl/lib/armv6-m\libc.a(scanformat_.o)
 .debug_frame   0x000009ac      0x158 C:/Freescale/CW MCU v10.6/MCU/ARM_GCC_Support/ewl/lib/armv6-m\libc.a(ctype_aeabi.o)
 .debug_frame   0x00000b04       0x30 C:/Freescale/CW MCU v10.6/MCU/ARM_GCC_Support/ewl/lib/armv6-m\libc.a(__strtoul.o)
 .debug_frame   0x00000b34       0x2c C:/Freescale/CW MCU v10.6/MCU/ARM_GCC_Support/ewl/lib/armv6-m\libc.a(__filll_mem.o)
 .debug_frame   0x00000b60       0x28 C:/Freescale/CW MCU v10.6/MCU/ARM_GCC_Support/ewl/lib/armv6-m\libc.a(memchr.o)
 .debug_frame   0x00000b88       0x28 C:/Freescale/CW MCU v10.6/MCU/ARM_GCC_Support/ewl/lib/armv6-m\libc.a(memcpy.o)
 .debug_frame   0x00000bb0       0x28 C:/Freescale/CW MCU v10.6/MCU/ARM_GCC_Support/ewl/lib/armv6-m\libc.a(strchr.o)
 .debug_frame   0x00000bd8       0x28 C:/Freescale/CW MCU v10.6/MCU/ARM_GCC_Support/ewl/lib/armv6-m\libc.a(strlen.o)
 .debug_frame   0x00000c00       0x20 c:/freescale/cw mcu v10.6/cross_tools/arm-none-eabi-gcc-4_7_3/bin/../lib/gcc/arm-none-eabi/4.7.3/armv6-m\libgcc.a(_udivsi3.o)
 .debug_frame   0x00000c20       0x20 c:/freescale/cw mcu v10.6/cross_tools/arm-none-eabi-gcc-4_7_3/bin/../lib/gcc/arm-none-eabi/4.7.3/armv6-m\libgcc.a(_divsi3.o)
 .debug_frame   0x00000c40       0x28 c:/freescale/cw mcu v10.6/cross_tools/arm-none-eabi-gcc-4_7_3/bin/../lib/gcc/arm-none-eabi/4.7.3/armv6-m\libgcc.a(_fixunssfsi.o)
 .debug_frame   0x00000c68       0x2c c:/freescale/cw mcu v10.6/cross_tools/arm-none-eabi-gcc-4_7_3/bin/../lib/gcc/arm-none-eabi/4.7.3/armv6-m\libgcc.a(_fixunsdfsi.o)
 .debug_frame   0x00000c94       0x3c c:/freescale/cw mcu v10.6/cross_tools/arm-none-eabi-gcc-4_7_3/bin/../lib/gcc/arm-none-eabi/4.7.3/armv6-m\libgcc.a(mulsf3.o)
 .debug_frame   0x00000cd0       0x30 c:/freescale/cw mcu v10.6/cross_tools/arm-none-eabi-gcc-4_7_3/bin/../lib/gcc/arm-none-eabi/4.7.3/armv6-m\libgcc.a(subsf3.o)
 .debug_frame   0x00000d00       0x28 c:/freescale/cw mcu v10.6/cross_tools/arm-none-eabi-gcc-4_7_3/bin/../lib/gcc/arm-none-eabi/4.7.3/armv6-m\libgcc.a(fixsfsi.o)
 .debug_frame   0x00000d28       0x2c c:/freescale/cw mcu v10.6/cross_tools/arm-none-eabi-gcc-4_7_3/bin/../lib/gcc/arm-none-eabi/4.7.3/armv6-m\libgcc.a(floatsisf.o)
 .debug_frame   0x00000d54       0x3c c:/freescale/cw mcu v10.6/cross_tools/arm-none-eabi-gcc-4_7_3/bin/../lib/gcc/arm-none-eabi/4.7.3/armv6-m\libgcc.a(divdf3.o)
 .debug_frame   0x00000d90       0x3c c:/freescale/cw mcu v10.6/cross_tools/arm-none-eabi-gcc-4_7_3/bin/../lib/gcc/arm-none-eabi/4.7.3/armv6-m\libgcc.a(muldf3.o)
 .debug_frame   0x00000dcc       0x38 c:/freescale/cw mcu v10.6/cross_tools/arm-none-eabi-gcc-4_7_3/bin/../lib/gcc/arm-none-eabi/4.7.3/armv6-m\libgcc.a(subdf3.o)
 .debug_frame   0x00000e04       0x2c c:/freescale/cw mcu v10.6/cross_tools/arm-none-eabi-gcc-4_7_3/bin/../lib/gcc/arm-none-eabi/4.7.3/armv6-m\libgcc.a(fixdfsi.o)
 .debug_frame   0x00000e30       0x2c c:/freescale/cw mcu v10.6/cross_tools/arm-none-eabi-gcc-4_7_3/bin/../lib/gcc/arm-none-eabi/4.7.3/armv6-m\libgcc.a(floatunsidf.o)
 .debug_frame   0x00000e5c       0x2c c:/freescale/cw mcu v10.6/cross_tools/arm-none-eabi-gcc-4_7_3/bin/../lib/gcc/arm-none-eabi/4.7.3/armv6-m\libgcc.a(eqsf2.o)
 .debug_frame   0x00000e88       0x30 c:/freescale/cw mcu v10.6/cross_tools/arm-none-eabi-gcc-4_7_3/bin/../lib/gcc/arm-none-eabi/4.7.3/armv6-m\libgcc.a(gesf2.o)
 .debug_frame   0x00000eb8       0x30 c:/freescale/cw mcu v10.6/cross_tools/arm-none-eabi-gcc-4_7_3/bin/../lib/gcc/arm-none-eabi/4.7.3/armv6-m\libgcc.a(lesf2.o)
 .debug_frame   0x00000ee8       0x34 c:/freescale/cw mcu v10.6/cross_tools/arm-none-eabi-gcc-4_7_3/bin/../lib/gcc/arm-none-eabi/4.7.3/armv6-m\libgcc.a(eqdf2.o)
 .debug_frame   0x00000f1c       0x38 c:/freescale/cw mcu v10.6/cross_tools/arm-none-eabi-gcc-4_7_3/bin/../lib/gcc/arm-none-eabi/4.7.3/armv6-m\libgcc.a(gedf2.o)
 .debug_frame   0x00000f54       0x38 c:/freescale/cw mcu v10.6/cross_tools/arm-none-eabi-gcc-4_7_3/bin/../lib/gcc/arm-none-eabi/4.7.3/armv6-m\libgcc.a(ledf2.o)
 .debug_frame   0x00000f8c       0x40 C:/Freescale/CW MCU v10.6/MCU/ARM_GCC_Support/ewl/lib/armv6-m\librt.a(gcc_ctor_dtor.o)
 .debug_frame   0x00000fcc       0x54 C:/Freescale/CW MCU v10.6/MCU/ARM_GCC_Support/ewl/lib/armv6-m\librt.a(ROMCopy.o)
 .debug_frame   0x00001020       0xbc C:/Freescale/CW MCU v10.6/MCU/ARM_GCC_Support/ewl/lib/armv6-m\librt.a(__arm_eabi_init.o)
